// Jest Snapshot v1, https://goo.gl/fbAQLP

exports[`cell component should render 1`] = `
<div
  class="input-container"
  data-testid="container-input"
>
  <label>
    this is a text
  </label>
  <input
    type="number"
    value="2"
  />
</div>
`;
